[
{"id":0,"bin1":"\001\002\003\004","bin2":"\011"}
]