PhysicalUpdate
  Update_Returning(customers SET name = 'Smyth')
    Filter_Default(customers)
      Select_HKeyOrdered(customers.name == 'Smith')
        GroupScan_Default(customers)