SelectQuery@6e4eeaaf
  ResultSet@a21d23b[name, order_date, sku]
    Project@327124af[NULL, NULL, NULL]
      NullSource@664310d0
