SelectQuery@691177
  ResultSet@6defe475[name, v]
    Project@207ff5b6[customers.name, NULL]
      Select@13043d2[]
        TableSource@d55986(customers)
