name	order_date	sku	quan
null	2010-01-01	9999	888
Jones	2011-02-28	1234	99
