PhysicalSelect[_SQL_COL_1:int, _SQL_COL_2:varchar(5)]
  Project_Default(1, 'hello')
    IndexScan_Default(Index(items.sku), sku = '1234')