PhysicalSelect[name:varchar(32)]
  Project_Default(customers.name)
    Filter_Default(customers - items)
      Flatten_HKeyOrdered(customers INNER items)
        GroupLookup_Default(Index(orders.order_date) -> customers, items)
          IndexScan_Default(Index(orders.order_date), order_date = DATE '2011-03-01')