PhysicalSelect[name:varchar(32), order_date:date, sku:varchar(32), quan:int]
  Project_Default(customers.name, orders.order_date, items.sku, items.quan)
    Flatten_HKeyOrdered(customers - orders INNER items)
      Flatten_HKeyOrdered(customers INNER orders)
        GroupLookup_Default(Index(customers.cname_and_sku) -> customers, orders, items)
          IndexScan_Default(Index(customers.cname_and_sku), customers.name = 'Smith', items.sku = '1234')
