PhysicalSelect[_SQL_COL_1:bigint]
  Project_Default(Field(0))
    Count_Default(*)
      IndexScan_Default(Index(items.sku), sku < '8888')