PhysicalSelect[sku:varchar(32), name:varchar(32)]
  Project_Default(items.sku, customers.name)
    UnionAll_Default()
      UnionAll_Default()
        UnionAll_Default()
          IndexScan_Default(Index(customers.cname_and_sku), customers.name = 'Smith', items.sku < '1111' ASC, customers.cid, orders.oid, items.iid)
          IndexScan_Default(Index(customers.cname_and_sku), customers.name = 'Smith', items.sku > '1111' AND < '2222' ASC, customers.cid, orders.oid, items.iid)
        IndexScan_Default(Index(customers.cname_and_sku), customers.name = 'Smith', items.sku > '2222' AND < '3333' ASC, customers.cid, orders.oid, items.iid)
      IndexScan_Default(Index(customers.cname_and_sku), customers.name = 'Smith', items.sku > '3333' ASC, customers.cid, orders.oid, items.iid)
