SELECT test.child.name AS name FROM test.child WHERE (test.child.pid IN (SELECT test.parent.id AS id FROM test.parent, test.child WHERE (test.parent.name = 'foo') AND TRUE)) AND TRUE
