SelectQuery@47a146f7
  ResultSet@2d3a26de[name]
    Project@44cdd004[mammal.name]
      Select@2413d9e6[mammal.pregnant == 1]
        JoinNode@4b401150(LEFT/NESTED_LOOPS)
          JoinNode@5b30c1c8(LEFT/NESTED_LOOPS)
            TableGroupJoinTree@5fd79fdc(TableGroup@5e02603d(mammal), mammal - GroupScan@6dfc7502(Group(test.mammal), rows = 1, cost = 1.82000))
              TableSource@68cefc31(mammal - TableFKJoin@4efac2b2(Foreign Key fk_animal_m: test.mammal REFERENCES test.animal))
            TableGroupJoinTree@5f5fce8b(TableGroup@31045ca0(domesticanimal), domesticanimal - SingleIndexScan@155d2584(Index(test.domesticanimal.PRIMARY[IndexColumn(mammal)]), covering/NONE, =mammal.animal, rows = 1, cost = 5.89280))
              TableSource@5e6f7a6e(domesticanimal - TableFKJoin@164a0811(Foreign Key fk_mammal_d: test.domesticanimal REFERENCES test.mammal))
          TableGroupJoinTree@af13898(TableGroup@56579f85(dog), dog - SingleIndexScan@12aa010c(Index(test.dog.PRIMARY[IndexColumn(mammal)]), covering/NONE, =mammal.animal, rows = 1, cost = 5.89280))
            TableSource@7ebdcdf7(dog - TableFKJoin@572ac466(Foreign Key dog_fkey: test.dog REFERENCES test.domesticanimal))
