PhysicalUpdate@3b58f1fa
  Update_Returning()
    GroupLookup_Default(Index(test.items.sku) -> test.items)
      IndexScan_Default(Index(test.items.sku), sku = 'ABCD', orders.cid ASC, oid, iid)