PhysicalSelect[cid:int, name:varchar(32)]
  Project_Default(customers.cid, customers.name)
    GroupLookup_Default(customers -> customers)
      IndexScan_FullText(test.customers.cust_ft, name:"john smith")